https://books.toscrape.com/catalogue/catalogue/a-light-in-the-attic_1000/index.html  # Title contains 404
https://books.toscrape.com/catalogue/catalogue/tipping-the-velvet_999/index.html  # Title contains 404
https://books.toscrape.com/catalogue/catalogue/soumission_998/index.html  # Title contains 404
https://books.toscrape.com/catalogue/catalogue/sharp-objects_997/index.html  # Title contains 404
https://books.toscrape.com/catalogue/catalogue/sapiens-a-brief-history-of-humankind_996/index.html  # Title contains 404
https://books.toscrape.com/catalogue/catalogue/the-requiem-red_995/index.html  # Title contains 404
https://books.toscrape.com/catalogue/catalogue/the-dirty-little-secrets-of-getting-your-dream-job_994/index.html  # Title contains 404
https://books.toscrape.com/catalogue/catalogue/the-coming-woman-a-novel-based-on-the-life-of-the-infamous-feminist-victoria-woodhull_993/index.html  # Title contains 404
https://books.toscrape.com/catalogue/catalogue/the-boys-in-the-boat-nine-americans-and-their-epic-quest-for-gold-at-the-1936-berlin-olympics_992/index.html  # Title contains 404
https://books.toscrape.com/catalogue/catalogue/the-black-maria_991/index.html  # Title contains 404
https://books.toscrape.com/catalogue/catalogue/starving-hearts-triangular-trade-trilogy-1_990/index.html  # Title contains 404
https://books.toscrape.com/catalogue/catalogue/shakespeares-sonnets_989/index.html  # Title contains 404
https://books.toscrape.com/catalogue/catalogue/set-me-free_988/index.html  # Title contains 404
https://books.toscrape.com/catalogue/catalogue/scott-pilgrims-precious-little-life-scott-pilgrim-1_987/index.html  # Title contains 404
https://books.toscrape.com/catalogue/catalogue/rip-it-up-and-start-again_986/index.html  # Title contains 404
https://books.toscrape.com/catalogue/catalogue/olio_984/index.html  # Title contains 404
https://books.toscrape.com/catalogue/catalogue/our-band-could-be-your-life-scenes-from-the-american-indie-underground-1981-1991_985/index.html  # Title contains 404
https://books.toscrape.com/catalogue/catalogue/mesaerion-the-best-science-fiction-stories-1800-1849_983/index.html  # Title contains 404
https://books.toscrape.com/catalogue/catalogue/libertarianism-for-beginners_982/index.html  # Title contains 404
